
[
  {
        "station_id": 1030,
        "station_label": "40AL01 - Linkeroever",
        "station_coordinates_type": "Point",
        "station_type": "Feature",
        "timeseries_id": "6152",
        "station_services_id": "1",
        "station_services_label": "IRCEL - CELINE: timeseries-api (SOS 2.0)",
        "station_offering_id": "6152",
        "station_offering_label": "6152 - DAILY CORRECTION TEOM - procedure",
        "station_feature_id": "1030",
        "station_feature_label": "40AL01 - Linkeroever",
        "station_procedure_id": "6152",
        "station_procedure_label": "6152 - DAILY CORRECTION TEOM - procedure",
        "station_phenomenon_id": "5",
        "station_phenomenon_label": "Particulate Matter < 10 µm",
        "station_category_id": "5",
        "station_category_label": "Particulate Matter < 10 µm",
        "station_coordinates_lon": 4.385224,
        "station_coordinates_lat": 51.236195,
        "station_coordinates_z": null,
        "station_native_city" : "Linkeroever",
        "station_geopy_postal_code" : "2050",
        "station_geopy_county" : "Antwerp",
        "station_geopy_city" : "Antwerp",
        "station_geopy_state" : "Antwerp",
        "station_geopy_region" : "Flanders",
        "station_geopy_country" : "Belgium",
        "ds": "2023-11-24",
        "average_value" : 17.087499999999995
    },
    {
        "station_id": 1030,
        "station_label": "40AL01 - Linkeroever",
        "station_coordinates_type": "Point",
        "station_type": "Feature",
        "timeseries_id": "6151",
        "station_services_id": "1",
        "station_services_label": "IRCEL - CELINE: timeseries-api (SOS 2.0)",
        "station_offering_id": "6151",
        "station_offering_label": "6151 - Unknown device - procedure",
        "station_feature_id": "1030",
        "station_feature_label": "40AL01 - Linkeroever",
        "station_procedure_id": "6151",
        "station_procedure_label": "6151 - Unknown device - procedure",
        "station_phenomenon_id": "391",
        "station_phenomenon_label": "Black Carbon",
        "station_category_id": "391",
        "station_category_label": "Black Carbon",
        "station_coordinates_lon": 4.385224,
        "station_coordinates_lat": 51.236195,
        "station_coordinates_z": null,
        "station_native_city" : "Linkeroever",
        "station_geopy_postal_code" : "2050",
        "station_geopy_county" : "Antwerp",
        "station_geopy_city" : "Antwerp",
        "station_geopy_state" : "Antwerp",
        "station_geopy_region" : "Flanders",
        "station_geopy_country" : "Belgium",
        "ds": "2023-11-24",
        "average_value" : 0.5816666666666667
    },
    {
        "station_id": 1031,
        "station_label": "40AL02 - Beveren",
        "station_coordinates_type": "Point",
        "station_type": "Feature",
        "timeseries_id": "6153",
        "station_services_id": "1",
        "station_services_label": "IRCEL - CELINE: timeseries-api (SOS 2.0)",
        "station_offering_id": "6153",
        "station_offering_label": "6153 - Unknown device - procedure",
        "station_feature_id": "1031",
        "station_feature_label": "40AL02 - Beveren",
        "station_procedure_id": "6153",
        "station_procedure_label": "6153 - Unknown device - procedure",
        "station_phenomenon_id": "5",
        "station_phenomenon_label": "Particulate Matter < 10 µm",
        "station_category_id": "5",
        "station_category_label": "Particulate Matter < 10 µm",
        "station_coordinates_lon": 4.234833,
        "station_coordinates_lat": 51.30452,
        "station_coordinates_z": null,
        "station_native_city" : "Beveren",
        "station_geopy_postal_code" : "9130",
        "station_geopy_county" : "Sint-Niklaas",
        "station_geopy_city" : null,
        "station_geopy_state" : "East Flanders",
        "station_geopy_region" : null,
        "station_geopy_country" : "Belgium",
        "ds": "2023-11-24",
        "average_value" : 16.37916666666666
    },
    {
      "station_id": 1751,
      "station_label": "40DU07 - Deurne",
      "station_coordinates_type": "Point",
      "station_type": "Feature",
      "timeseries_id": "100039",
      "station_services_id": "1",
      "station_services_label": "IRCEL - CELINE: timeseries-api (SOS 2.0)",
      "station_offering_id": "100039",
      "station_offering_label": "100039 - FIDAS 200 - procedure",
      "station_feature_id": "1751",
      "station_feature_label": "40DU07 - Deurne",
      "station_procedure_id": "100039",
      "station_procedure_label": "100039 - FIDAS 200 - procedure",
      "station_phenomenon_id": "5",
      "station_phenomenon_label": "Particulate Matter < 10 µm",
      "station_category_id": "5",
      "station_category_label": "Particulate Matter < 10 µm",
      "station_coordinates_lon": 4.44875,
      "station_coordinates_lat": 51.226387,
      "station_coordinates_z": "nan",
      "station_native_city" : "Deurne",
      "station_geopy_postal_code": "2100",
      "station_geopy_county": "Antwerp",
      "station_geopy_city": "Antwerp",
      "station_geopy_state": "Antwerp",
      "station_geopy_region": "Flanders",
      "station_geopy_country": "Belgium",
      "ds": "2023-11-24",
      "average_value" : 18.0
  }
]