[
    {
        "station_native_city": "Beveren",
        "station_category_id": "5",
        "ds": "2023-11-24",
        "city_average_value": 16.37916666666666
    },
    {
        "station_native_city": "Deurne",
        "station_category_id": "5",
        "ds": "2023-11-24",
        "city_average_value": 18
    },
    {
        "station_native_city": "Linkeroever",
        "station_category_id": "391",
        "ds": "2023-11-24",
        "city_average_value": 0.5816666666666667
    },
    {
        "station_native_city": "Linkeroever",
        "station_category_id": "5",
        "ds": "2023-11-24",
        "city_average_value": 17.087499999999995
    }
]